Operators
6
2
8
2
Precedence
9
9
Grouping
10
10
Float
4
1
0.99
0.33333334
