Equals (==)
true
true
true
true
true
false
false
Greater (>)
true
false
false
Greater or equals (>=)
true
true
false
Less (<)
false
false
true
Less (<=)
false
true
true
